// Jest Snapshot v1, https://goo.gl/fbAQLP

exports[`render QuotePage properly 1`] = `
<div
  className="quote-main"
>
  <h2
    className="quote-h2"
  >
    Random Quote
  </h2>
  <div
    className="quote-card"
  >
    <img
      alt="page loading"
      className="loading-img"
      src="undraw_Loading_re_5axr.svg"
    />
  </div>
</div>
`;
